// Jest Snapshot v1, https://goo.gl/fbAQLP

exports[`AccountProfile snapshot test 1`] = `ShallowWrapper {}`;
