// Jest Snapshot v1, https://goo.gl/fbAQLP

exports[`NavBar snapshot test 1`] = `ShallowWrapper {}`;
