// Jest Snapshot v1, https://goo.gl/fbAQLP

exports[`LoginForm snapshot test 1`] = `ShallowWrapper {}`;
