// Jest Snapshot v1, https://goo.gl/fbAQLP

exports[`ClientForm snapshot test 1`] = `ShallowWrapper {}`;
