// Jest Snapshot v1, https://goo.gl/fbAQLP

exports[`NotFound snapshot test 1`] = `
<div>
  <h1
    className="noParcels"
  >
    404 Not Found
  </h1>
</div>
`;
