// Jest Snapshot v1, https://goo.gl/fbAQLP

exports[`SignupForm snapshot test 1`] = `ShallowWrapper {}`;
