// Jest Snapshot v1, https://goo.gl/fbAQLP

exports[`HistoryPage snapshot test 1`] = `ShallowWrapper {}`;
